// Jest Snapshot v1, https://goo.gl/fbAQLP

exports[`Component matches snapshot 1`] = `null`;
