// Jest Snapshot v1, https://goo.gl/fbAQLP

exports[`Component matches snapshot 1`] = `
.c0 {
  padding: 20px;
  color: #031563;
  background: #E1EFF9;
  border-radius: 4px;
  border-left: 6px solid #031563;
}

.c0 p,
.c0 div {
  font-size: 16px;
  color: #031563;
  font-family: "Source Sans Pro",sans-serif;
}

<aside
  class="c0"
  color="blue"
>
  children
</aside>
`;
