// Jest Snapshot v1, https://goo.gl/fbAQLP

exports[`Component matches snapshot 1`] = `
.c3 {
  width: 100%;
}

.c0 {
  display: -webkit-box;
  display: -webkit-flex;
  display: -ms-flexbox;
  display: flex;
  -webkit-box-pack: justify;
  -webkit-justify-content: space-between;
  -ms-flex-pack: justify;
  justify-content: space-between;
  margin: 0 7%;
  padding: 0 5%;
  border-bottom: 1px solid #D4D2E3;
}

.c2 {
  max-width: 170px;
  display: block;
  margin: 40px 0px 20px 40px;
}

.c1 {
  text-align: center;
  margin-bottom: 40px;
}

.c4 {
  max-width: 70%;
  margin-left: auto;
  text-align: right;
  color: #6C7F98;
}

<div
  class="css-1y75s01"
  role="contentinfo"
>
  <div
    class="c0"
  />
  <div
    class="c1"
  >
    <div
      class="c2"
    >
      <div
        class="c3"
      >
        <img
          alt="ClearBank"
          src=""
        />
      </div>
    </div>
    <p
      class="c4 long-primer"
    >
      Copyright ClearBank Ltd. Authorised by the Prudential Regulation Authority and regulated by the Financial Conduct Authority and the Prudential Regulation Authority (Financial Services Register number: 754568). Registered Address: ClearBank, 4th Floor, Prologue Works, 25 Marsh St, Bristol BS1 4AX
    </p>
  </div>
</div>
`;
