// Jest Snapshot v1, https://goo.gl/fbAQLP

exports[`Component matches snapshot 1`] = `
.c5 {
  display: -webkit-box;
  display: -webkit-flex;
  display: -ms-flexbox;
  display: flex;
  -webkit-box-pack: center;
  -webkit-justify-content: center;
  -ms-flex-pack: center;
  justify-content: center;
  -webkit-align-items: center;
  -webkit-box-align: center;
  -ms-flex-align: center;
  align-items: center;
  width: 100%;
  height: 100%;
}

.c6 {
  padding: 22px 42px;
  font-family: 'Roboto Mono',monospace;
  font-size: 13px;
  font-weight: bold;
  background-color: #f2f2f2;
  opacity: 0;
  -webkit-transition: opacity 1s;
  transition: opacity 1s;
}

.c0 {
  position: relative;
  margin-bottom: 30px;
  border-radius: 5px;
  overflow: hidden;
}

.c1 {
  display: -webkit-box;
  display: -webkit-flex;
  display: -ms-flexbox;
  display: flex;
  -webkit-box-pack: justify;
  -webkit-justify-content: space-between;
  -ms-flex-pack: justify;
  justify-content: space-between;
  -webkit-align-items: center;
  -webkit-box-align: center;
  -ms-flex-align: center;
  align-items: center;
  padding: 13px 5px 15px 15px;
  background-color: red;
  font-size: 16px;
  color: #fff;
}

.c2 {
  margin: 0;
  padding-right: 5px;
  font-size: 16px;
  line-height: 20px;
  color: inherit;
  text-transform: capitalize;
  font-family: 'Roboto Mono',monospace;
}

.c3 {
  padding: 20px 2px 20px 15px;
  font-family: 'RobotoMono-Regular','Roboto Mono',sans-serif;
  font-size: 14px;
  font-weight: 400;
  font-style: normal;
  text-align: left;
  line-height: normal;
  background: #1e1e1e;
  overflow: visible;
  overflow-x: scroll;
}

.c4 {
  position: absolute;
  top: 0;
  bottom: 0;
  left: 0;
  right: 0;
  pointer-events: none;
}

<article
  class="c0"
>
  <header
    class="c1"
    color="red"
  >
    <h4
      class="c2"
    >
      title
    </h4>
  </header>
  <div
    class="c3"
  >
    <pre
      class="prism-code language-turbo-pascal"
      style="color: rgb(156, 220, 254); background-color: rgb(30, 30, 30);"
    >
      <div
        class="token-line"
        style="color: rgb(156, 220, 254);"
      >
        <span
          class="token plain"
        >
          hello-world
        </span>
      </div>
    </pre>
  </div>
  <div
    class="c4"
  >
    <div
      class="c5"
    >
      <div
        class="c6"
      >
        Code copied
      </div>
    </div>
  </div>
</article>
`;
