// Jest Snapshot v1, https://goo.gl/fbAQLP

exports[`Component matches snapshot 1`] = `
.c2 {
  font-size: 14px;
  cursor: default;
  color: #6c7f98;
}

.c6 {
  margin-left: 10px;
  margin-right: 10px;
  font-size: 16px;
}

.c5 {
  width: 22px;
  height: 22px;
  font-size: 25px;
  -webkit-transform: translateX(0);
  -ms-transform: translateX(0);
  transform: translateX(0);
  will-change: transform;
  -webkit-transition: -webkit-transform 0.25s ease-out;
  -webkit-transition: transform 0.25s ease-out;
  transition: transform 0.25s ease-out;
}

.c3 {
  display: -webkit-box;
  display: -webkit-flex;
  display: -ms-flexbox;
  display: flex;
  -webkit-align-items: flex-end;
  -webkit-box-align: flex-end;
  -ms-flex-align: flex-end;
  align-items: flex-end;
  color: #000000;
  font-weight: bold;
  font-family: arial,sans-serif;
}

.c3:hover {
  color: #000000;
}

.c8 {
  display: -webkit-box;
  display: -webkit-flex;
  display: -ms-flexbox;
  display: flex;
  -webkit-align-items: flex-end;
  -webkit-box-align: flex-end;
  -ms-flex-align: flex-end;
  align-items: flex-end;
  color: #000000;
  font-weight: bold;
  font-family: arial,sans-serif;
  -webkit-flex-direction: row-reverse;
  -ms-flex-direction: row-reverse;
  flex-direction: row-reverse;
}

.c8:hover {
  color: #000000;
}

.c1:hover .c4 {
  -webkit-transform: translateX(-5px);
  -ms-transform: translateX(-5px);
  transform: translateX(-5px);
}

.c7 {
  -webkit-box-flex: 1;
  -webkit-flex-grow: 1;
  -ms-flex-positive: 1;
  flex-grow: 1;
  text-align: right;
}

.c7:hover .c4 {
  -webkit-transform: translateX(5px);
  -ms-transform: translateX(5px);
  transform: translateX(5px);
}

.c0 {
  display: -webkit-box;
  display: -webkit-flex;
  display: -ms-flexbox;
  display: flex;
  -webkit-flex-wrap: wrap;
  -ms-flex-wrap: wrap;
  flex-wrap: wrap;
  -webkit-box-pack: justify;
  -webkit-justify-content: space-between;
  -ms-flex-pack: justify;
  justify-content: space-between;
  margin: 50px 0 40px 0;
  padding-top: 15px;
}

@media screen and (min-width:768px) {
  .c0 {
    padding-top: 60px;
    -webkit-flex-wrap: nowrap;
    -ms-flex-wrap: nowrap;
    flex-wrap: nowrap;
  }
}

<nav
  class="c0"
>
  <div
    class="c1"
    direction="previous"
  >
    <span
      class="c2"
    >
      Previous
    </span>
    <a
      class="c3"
      direction="previous"
      href="/doc/slug1"
    >
      <span
        class="c4 c5"
      >
        <i
          class="cb-icon-arrow-left"
        />
      </span>
      <span
        class="c6"
      >
        title1
      </span>
    </a>
  </div>
  <div
    class="c7"
    direction="next"
  >
    <span
      class="c2"
    >
      Next
    </span>
    <a
      class="c8"
      direction="next"
      href="/doc/slug3"
    >
      <span
        class="c4 c5"
      >
        <i
          class="cb-icon-arrow-right"
        />
      </span>
      <span
        class="c6"
      >
        title3
      </span>
    </a>
  </div>
</nav>
`;
