// Jest Snapshot v1, https://goo.gl/fbAQLP

exports[`Component matches snapshot 1`] = `
<DocumentFragment>
  .c0 {
  background: #F3F8FB;
  position: fixed;
  top: 60px;
  bottom: 0px;
  width: 100%;
  overflow-y: scroll;
  -webkit-overflow-scrolling: touch;
  -webkit-user-select: none;
  -moz-user-select: none;
  -ms-user-select: none;
  user-select: none;
}

.c1 {
  list-style: none;
  font-family: "Source Sans Pro",sans-serif;
  font-size: 16px;
  font-weight: 400;
}

@media screen and (min-width:992px) {
  .c0 {
    width: 270px;
    bottom: 20px;
  }
}

<div
    class="c0"
  >
    <ul
      class="c1"
    />
  </div>
</DocumentFragment>
`;
