// Jest Snapshot v1, https://goo.gl/fbAQLP

exports[`Component matches snapshot 1`] = `
<DocumentFragment>
  .c0 .c5 {
  margin-bottom: 5px;
}

.c0 .c6 {
  font-size: 16px;
  margin-bottom: 0;
}

.c0 .c4 {
  margin-bottom: 5px;
  font-size: 16px;
}

.c0 .c2 {
  margin-bottom: 0;
  margin-top: 30px;
}

.c0 .c3 {
  margin-bottom: 20px;
}

.c0 .c7 {
  margin: 15px 0 30px 0;
  max-width: 100%;
}

.c0 .c1 {
  margin-top: 30px;
  margin-bottom: 5px !important;
}

.c0 .c1 + .c2 {
  margin-top: 10px;
}

.c0 .c8 {
  margin-top: 15px;
  margin-bottom: 60px;
  width: 100%;
  table-layout: fixed;
}

.c0 .c9 .c10 {
  width: auto;
}

.c0 .c9 .c10:first-child {
  width: 40%;
}

.c0 .c11 .c13 .c12:first-child {
  font-size: 13px;
  font-weight: bold;
  font-family: "Roboto Mono",monospace;
  color: #000000;
}

.c0 .c12:nth-last-of-type(2):nth-child(2) {
  font-size: 13px;
  color: #178880;
  font-family: "Roboto Mono",monospace;
}

@media screen and (min-width:1200px) {
  .c0 .c8 {
    table-layout: auto;
  }
}

@media screen and (min-width:1200px) {
  .c0 .c9 .c10:first-child {
    width: auto;
  }
}

<aside
    class="c0 page-menu-entry-parent"
  />
</DocumentFragment>
`;
